2026-08-21 08:12:26 RESULT prepare OK 備稿完成（明天要寄的課）
2026-08-21 08:13:59 RESULT prepare-weekly OK 週報備稿完成（2026-W34）
2026-08-21 08:29:28 RESULT prepare SKIP outbox 已備妥
2026-08-21 08:29:33 RESULT prepare-weekly SKIP 週報已備妥（2026-W34）
2026-08-21 09:04:25 RESULT prepare SKIP outbox 已備妥
2026-08-21 09:04:28 RESULT prepare-weekly SKIP 週報已備妥（2026-W34）
2026-08-21 09:29:31 RESULT prepare SKIP outbox 已備妥
2026-08-21 09:29:34 RESULT prepare-weekly SKIP 週報已備妥（2026-W34）
2026-08-21 09:54:34 RESULT prepare SKIP outbox 已備妥
2026-08-21 09:54:38 RESULT prepare-weekly SKIP 週報已備妥（2026-W34）
2026-08-21 09:57:34 RESULT prepare SKIP outbox 已備妥
2026-08-21 09:57:38 RESULT prepare-weekly SKIP 週報已備妥（2026-W34）
2026-08-21 10:35:41 RESULT prepare SKIP outbox 已備妥
2026-08-21 10:35:45 RESULT prepare-weekly SKIP 週報已備妥（2026-W34）
2026-08-21 10:38:41 RESULT prepare SKIP outbox 已備妥
2026-08-21 10:38:44 RESULT prepare-weekly SKIP 週報已備妥（2026-W34）
2026-08-21 11:13:59 RESULT prepare SKIP outbox 已備妥
2026-08-21 11:14:02 RESULT prepare-weekly SKIP 週報已備妥（2026-W34）
2026-08-21 11:24:09 RESULT prepare SKIP outbox 已備妥
2026-08-21 11:24:13 RESULT prepare-weekly SKIP 週報已備妥（2026-W34）
2026-08-21 11:27:52 RESULT prepare SKIP outbox 已備妥
2026-08-21 11:27:56 RESULT prepare-weekly SKIP 週報已備妥（2026-W34）
2026-08-21 11:30:53 RESULT prepare SKIP outbox 已備妥
2026-08-21 11:30:56 RESULT prepare-weekly SKIP 週報已備妥（2026-W34）
2026-08-21 11:36:04 RESULT prepare SKIP outbox 已備妥
2026-08-21 11:36:10 RESULT prepare-weekly SKIP 週報已備妥（2026-W34）
2026-08-21 11:47:17 RESULT prepare SKIP outbox 已備妥
2026-08-21 11:47:21 RESULT prepare-weekly SKIP 週報已備妥（2026-W34）
2026-08-21 11:51:59 RESULT prepare SKIP outbox 已備妥
2026-08-21 11:52:07 RESULT prepare-weekly SKIP 週報已備妥（2026-W34）
2026-08-21 12:00:15 RESULT prepare SKIP outbox 已備妥
2026-08-21 12:00:24 RESULT prepare-weekly SKIP 週報已備妥（2026-W34）
2026-08-21 12:07:42 RESULT prepare SKIP outbox 已備妥
2026-08-21 12:07:50 RESULT prepare-weekly SKIP 週報已備妥（2026-W34）
2026-08-21 13:00:15 RESULT prepare SKIP outbox 已備妥
2026-08-21 13:00:20 RESULT prepare-weekly SKIP 週報已備妥（2026-W34）
2026-08-21 13:06:42 RESULT prepare SKIP outbox 已備妥
2026-08-21 13:06:45 RESULT prepare-weekly SKIP 週報已備妥（2026-W34）
2026-08-21 13:34:03 RESULT prepare SKIP outbox 已備妥
2026-08-21 13:34:06 RESULT prepare-weekly SKIP 週報已備妥（2026-W34）
2026-08-21 13:36:44 RESULT prepare SKIP outbox 已備妥
2026-08-21 13:36:48 RESULT prepare-weekly SKIP 週報已備妥（2026-W34）
2026-08-21 14:02:41 RESULT prepare SKIP outbox 已備妥
2026-08-21 14:02:45 RESULT prepare-weekly SKIP 週報已備妥（2026-W34）
2026-08-21 14:17:39 RESULT prepare SKIP outbox 已備妥
2026-08-21 14:17:43 RESULT prepare-weekly SKIP 週報已備妥（2026-W34）
2026-08-21 14:28:33 RESULT prepare FAIL 網路未就緒
