2026-09-04 10:43:28 RESULT prepare OK 備稿完成（明天要寄的課）
2026-09-04 10:44:06 RESULT prepare-weekly OK 週報備稿完成（2026-W36）
2026-09-04 10:48:20 RESULT prepare SKIP outbox 已備妥
2026-09-04 10:48:23 RESULT prepare-weekly SKIP 週報已備妥（2026-W36）
2026-09-04 10:54:52 RESULT prepare SKIP outbox 已備妥
2026-09-04 10:54:55 RESULT prepare-weekly SKIP 週報已備妥（2026-W36）
2026-09-04 10:57:53 RESULT prepare SKIP outbox 已備妥
2026-09-04 10:57:56 RESULT prepare-weekly SKIP 週報已備妥（2026-W36）
2026-09-04 11:34:14 RESULT prepare SKIP outbox 已備妥
2026-09-04 11:34:17 RESULT prepare-weekly SKIP 週報已備妥（2026-W36）
2026-09-04 12:00:05 RESULT prepare SKIP outbox 已備妥
2026-09-04 12:00:08 RESULT prepare-weekly SKIP 週報已備妥（2026-W36）
2026-09-04 12:20:42 RESULT prepare SKIP outbox 已備妥
2026-09-04 12:20:46 RESULT prepare-weekly SKIP 週報已備妥（2026-W36）
2026-09-04 12:32:11 RESULT prepare SKIP outbox 已備妥
2026-09-04 12:32:15 RESULT prepare-weekly SKIP 週報已備妥（2026-W36）
2026-09-04 13:00:04 RESULT prepare SKIP outbox 已備妥
2026-09-04 13:00:08 RESULT prepare-weekly SKIP 週報已備妥（2026-W36）
2026-09-04 13:06:15 RESULT prepare SKIP outbox 已備妥
2026-09-04 13:06:18 RESULT prepare-weekly SKIP 週報已備妥（2026-W36）
2026-09-04 13:29:50 RESULT prepare SKIP outbox 已備妥
2026-09-04 13:29:54 RESULT prepare-weekly SKIP 週報已備妥（2026-W36）
2026-09-04 13:40:26 RESULT prepare FAIL 網路未就緒
